
> travel-assist@0.1.0 build
> next build

▲ Next.js 16.3.4 (Turbopack)
✓ Running next.config took 27ms

  Creating an optimized production build ...
✓ Compiled successfully in 4.4s
  Running TypeScript ...
  Finished TypeScript in 14.9s ...
  Collecting page data using 15 workers ...
  Generating static pages using 15 workers (0/21) ...
  Generating static pages using 15 workers (5/21)
  Generating static pages using 15 workers (10/21)
  Generating static pages using 15 workers (15/21)
✓ Generating static pages using 15 workers (21/21) in 918ms
  Finalizing page optimization ...

Route (app)
┌ ○ /
├ ○ /_not-found
├ ○ /personal-center
├ ○ /personal-center/account
├ ○ /personal-center/account/booking-sync
├ ○ /personal-center/account/privacy
├ ○ /personal-center/account/privacy/delete
├ ○ /personal-center/account/security
├ ○ /personal-center/companions
├ ○ /personal-center/preferences
├   /personal-center/preferences/[category]
│ ├ ● /personal-center/preferences/mobility
│ ├ ● /personal-center/preferences/attractions
│ ├ ● /personal-center/preferences/dining
│ └ ● [+4 more paths]
├ ○ /personal-center/trips
├ ○ /planner
└ ƒ /start


○  (Static)   prerendered as static content
●  (SSG)      prerendered as static HTML (uses generateStaticParams)
ƒ  (Dynamic)  server-rendered on demand
