✔ read-only selector is deterministic and imports no targets (178.1477ms)
✔ real runner events prove nested tests without counting child TAP (155.5384ms)
✔ process failure, timeout, signal and spawn errors stay failures (438.8903ms)
✔ zero tests, skipped tests, absent/malformed summaries cannot pass (278.0839ms)
✔ aggregation rejects missing, duplicate, failed and cross-bound receipts (1.3805ms)
✔ expectedHead is checked and production credentials are excluded (0.5411ms)
✔ artifact validation rejects missing logs and altered log/event bytes (6.6049ms)
✔ a forged PASS without execution, event or native proof is rejected (0.589ms)
✔ event conditions preserve every TASK086 dependency and reachable ordinary receipts (8.0918ms)
✔ repository test entry uses the existing Node harness and TypeScript resolver (0.7157ms)
✔ quality gate invokes the canonical repository test entry (0.2387ms)
✔ baseline documents every required execution class and non-pass state (0.3336ms)
ℹ tests 12
ℹ suites 0
ℹ pass 12
ℹ fail 0
ℹ cancelled 0
ℹ skipped 0
ℹ todo 0
ℹ duration_ms 1165.0721
