✔ reviewed JR East minimal service facts are certifiable without a raw reuse license (1.9362ms)
✔ Tokyo required canonical identity survives unrelated source dependencies (2.9908ms)
✔ Ueno required canonical identity survives unrelated source dependencies (0.4226ms)
✔ Tokyo->Ueno actual independent reviewed interval is valid (2.1217ms)
✔ Ueno->Tokyo actual independent reviewed interval is valid (1.2001ms)
✔ auxiliary/metric source failure cannot replace or disable independently valid identity (4.4119ms)
✔ remote unresolved calling node never blocks this independent interval (0.853ms)
✔ unreviewed public source has no derived or raw capabilities; reviewed fact policy has no raw/metric grant (0.2278ms)
✔ wrong direction or boarding permissions still fail the exact service interval (2.0552ms)
✔ invalid transfer evidence does not certify and fact-only metric failure leaves topology capability intact (3.353ms)
✔ Tokyo and Otemachi keep distinct canonical identities; no proximity or zero-time merge (4.2746ms)
✔ reviewed current operator transitions remain required identity evidence, not auxiliary (26.7676ms)
✔ licensed native GTFS minimum-transfer metric retains the existing raw-policy capability (0.256ms)
✔ line-specific reviewed orthographic variants use their own exact station-code evidence (66.4823ms)
✔ ODbL specific binding rejects source/hash/rights/scope/terms tampering (14.6281ms)
✔ formal certified export contains legal Tokyo/Ueno paths and no zero-time Tokyo/Otemachi collapse (1468.4979ms)
✔ entire previous quarantine and each national corridor bind the current certified export (2946.1383ms)
✔ public accessibility and internal fact-only decision cannot certify source rights (2.1172ms)
✔ final closeout never restores automatic ordinary discovery or claims completion (0.3348ms)
ℹ tests 19
ℹ suites 0
ℹ pass 19
ℹ fail 0
ℹ cancelled 0
ℹ skipped 0
ℹ todo 0
ℹ duration_ms 5215.3874
