(node:21352) [MODULE_TYPELESS_PACKAGE_JSON] Warning: Module type of file:///I:/CodexWorktrees/TravelAssist-TASK086-PublicationRecovery/src/shared/contracts/routes/fixtures.ts is not specified and it doesn't parse as CommonJS.
Reparsing as ES module because module syntax was detected. This incurs a performance overhead.
To eliminate this warning, add "type": "module" to \\?\I:\CodexWorktrees\TravelAssist-TASK086-PublicationRecovery\package.json.
(Use `node --trace-warnings ...` to show where the warning was created)
✔ canonical requests and all contract fixture classes validate (37.6156ms)
✔ request validator rejects invalid coordinates, version, private data, and alternatives (1.0873ms)
✔ request validator rejects inconsistent time, mode, and preference semantics (0.9768ms)
✔ response validator rejects negative values, reversed time, malformed geometry and private payload (0.9447ms)
✔ response validator rejects duplicates and dangling graph references (0.9242ms)
✔ unknown future provider modes use explicit other/sourceMode fallback (0.14ms)
✔ TASK-084 amendment artifacts and inputs match their checksums (225.2795ms)
✔ airport screening includes all 97 current identities without heliport/name conflation (4.1973ms)
✔ nationwide discovery stays distinct from official validation and physical deduplication (5.2271ms)
✔ Shinkansen fallback preserves operator, scope, unit and manual tier review (2.2984ms)
✔ operator components stay separate and line lists are not reduced to one N02 feature (10.6676ms)
✔ incomplete national coverage cannot authorize v2 or TASK-085/086 (3.2003ms)
✔ documented interchange boundaries unify Umeda while preserving operators and physical stations (7.5226ms)
✔ annual airport threshold excludes low-volume identities without dropping their audit history (5.3246ms)
✔ city coverage expands Tokyo and regional centers without growing Osaka (9.078ms)
✔ official JR Musashi-Kosugi identity preserves one valid count and distinct operators (6.5754ms)
✔ explicit source-bound identity decisions retain lineage and every final target exists (3.1465ms)
✔ all 15 boundary followups and all 269 high-tier gaps retain individual evidence and open status (10.5458ms)
✔ reviewed JR East minimal service facts are certifiable without a raw reuse license (1.2385ms)
✔ Tokyo required canonical identity survives unrelated source dependencies (2.2527ms)
✔ Ueno required canonical identity survives unrelated source dependencies (0.4057ms)
✔ Tokyo->Ueno actual independent reviewed interval is valid (2.1056ms)
✔ Ueno->Tokyo actual independent reviewed interval is valid (1.147ms)
✔ auxiliary/metric source failure cannot replace or disable independently valid identity (3.8092ms)
✔ remote unresolved calling node never blocks this independent interval (0.8395ms)
✔ unreviewed public source has no derived or raw capabilities; reviewed fact policy has no raw/metric grant (0.217ms)
✔ wrong direction or boarding permissions still fail the exact service interval (1.5188ms)
✔ invalid transfer evidence does not certify and fact-only metric failure leaves topology capability intact (1.4117ms)
✔ Tokyo and Otemachi keep distinct canonical identities; no proximity or zero-time merge (3.4697ms)
✔ reviewed current operator transitions remain required identity evidence, not auxiliary (20.5317ms)
✔ licensed native GTFS minimum-transfer metric retains the existing raw-policy capability (0.2139ms)
✔ line-specific reviewed orthographic variants use their own exact station-code evidence (53.0867ms)
✔ ODbL specific binding rejects source/hash/rights/scope/terms tampering (10.6487ms)
✔ formal certified export contains legal Tokyo/Ueno paths and no zero-time Tokyo/Otemachi collapse (1502.0459ms)
✔ entire previous quarantine and each national corridor bind the current certified export (2918.8061ms)
✔ public accessibility and internal fact-only decision cannot certify source rights (1.2391ms)
✔ final closeout never restores automatic ordinary discovery or claims completion (0.2587ms)
✔ publication recovery lanes cover every regression file exactly once (172.7173ms)
✔ publication lane proof rejects failed, foreign HEAD and changed input receipts (2.1893ms)
✔ publication rebuild cannot claim PASS without every current-head lane receipt (639.2991ms)
✔ stable resume compares actual serialized bytes and rejects metadata or byte drift (0.8594ms)
✔ excluded entity cannot enter an export through aliases, patterns, transfer expansion or fallback (2.2248ms)
✔ same-ID reversal, payload replacement and access/metric invention fail closed (5.5149ms)
✔ retained snapshot supplement rejects wrong source, archive, missing terms and wrong catalog scope (39.8154ms)
✔ full frozen inventory has deterministic terminal decisions and no excluded export leaks (104582.9011ms)
ℹ tests 45
ℹ suites 0
ℹ pass 45
ℹ fail 0
ℹ cancelled 0
ℹ skipped 0
ℹ todo 0
ℹ duration_ms 111625.7301
