✔ reviewed JR East minimal service facts are certifiable without a raw reuse license (1.3595ms)
✔ Tokyo required canonical identity survives unrelated source dependencies (2.9548ms)
✔ Ueno required canonical identity survives unrelated source dependencies (0.4886ms)
✔ Tokyo->Ueno actual independent reviewed interval is valid (2.2991ms)
✔ Ueno->Tokyo actual independent reviewed interval is valid (1.1869ms)
✔ auxiliary/metric source failure cannot replace or disable independently valid identity (3.8641ms)
✔ remote unresolved calling node never blocks this independent interval (0.9709ms)
✔ unreviewed public source has no derived or raw capabilities; reviewed fact policy has no raw/metric grant (0.2378ms)
✔ wrong direction or boarding permissions still fail the exact service interval (2.2018ms)
✔ invalid transfer evidence does not certify and fact-only metric failure leaves topology capability intact (2.3164ms)
✔ Tokyo and Otemachi keep distinct canonical identities; no proximity or zero-time merge (3.3206ms)
✔ reviewed current operator transitions remain required identity evidence, not auxiliary (22.7335ms)
✔ licensed native GTFS minimum-transfer metric retains the existing raw-policy capability (0.3768ms)
✔ line-specific reviewed orthographic variants use their own exact station-code evidence (62.0641ms)
✔ ODbL specific binding rejects source/hash/rights/scope/terms tampering (14.0164ms)
✔ formal certified export contains legal Tokyo/Ueno paths and no zero-time Tokyo/Otemachi collapse (1428.4256ms)
✔ entire previous quarantine and each national corridor bind the current certified export (2864.4947ms)
✔ public accessibility and internal fact-only decision cannot certify source rights (1.4109ms)
✔ final closeout never restores automatic ordinary discovery or claims completion (0.2392ms)
ℹ tests 19
ℹ suites 0
ℹ pass 19
ℹ fail 0
ℹ cancelled 0
ℹ skipped 0
ℹ todo 0
ℹ duration_ms 5031.3536
